[debug] [2025-08-30T11:42:56.855Z] ----------------------------------------------------------------------
[debug] [2025-08-30T11:42:56.857Z] Command:       C:\Program Files\nodejs\node.exe C:\Users\Robin\AppData\Roaming\npm\node_modules\firebase-tools\lib\bin\firebase.js init hosting
[debug] [2025-08-30T11:42:56.857Z] CLI Version:   14.15.1
[debug] [2025-08-30T11:42:56.857Z] Platform:      win32
[debug] [2025-08-30T11:42:56.857Z] Node Version:  v22.19.0
[debug] [2025-08-30T11:42:56.857Z] Time:          Sat Aug 30 2025 17:12:56 GMT+0530 (India Standard Time)
[debug] [2025-08-30T11:42:56.857Z] ----------------------------------------------------------------------
[debug] 
[debug] [2025-08-30T11:42:56.862Z] > command requires scopes: ["email","openid","https://www.googleapis.com/auth/cloudplatformprojects.readonly","https://www.googleapis.com/auth/firebase","https://www.googleapis.com/auth/cloud-platform"]
[debug] [2025-08-30T11:42:56.862Z] > authorizing via signed-in user (paradisevattavada@gmail.com)
[info] 
     ######## #### ########  ######## ########     ###     ######  ########
     ##        ##  ##     ## ##       ##     ##  ##   ##  ##       ##
     ######    ##  ########  ######   ########  #########  ######  ######
     ##        ##  ##    ##  ##       ##     ## ##     ##       ## ##
     ##       #### ##     ## ######## ########  ##     ##  ######  ########

You're about to initialize a Firebase project in this directory:

  C:\Users\Robin\Documents\GitHub\Paradise\frontend

[info] 
=== Project Setup
[info] 
[info] First, let's associate this project directory with a Firebase project.
[info] You can create multiple project aliases by running firebase use --add, 
[info] but for now we'll just set up a default project.
[info] 
[info] i  If you want to create a project in a Google Cloud organization or folder, please use "firebase projects:create" instead, and return to this command when you've created the project. 
[debug] [2025-08-30T11:43:24.937Z] Checked if tokens are valid: true, expires at: 1756557762746
[debug] [2025-08-30T11:43:24.937Z] Checked if tokens are valid: true, expires at: 1756557762746
[debug] [2025-08-30T11:43:24.939Z] >>> [apiv2][query] POST https://firebase.googleapis.com/v1/projects:checkProjectId [none]
[debug] [2025-08-30T11:43:24.939Z] >>> [apiv2][body] POST https://firebase.googleapis.com/v1/projects:checkProjectId {"proposedId":"Paradise"}
[debug] [2025-08-30T11:43:26.286Z] <<< [apiv2][status] POST https://firebase.googleapis.com/v1/projects:checkProjectId 200
[debug] [2025-08-30T11:43:26.286Z] <<< [apiv2][body] POST https://firebase.googleapis.com/v1/projects:checkProjectId {"projectIdStatus":"PROJECT_ID_NOT_VALID","suggestedProjectId":"paradise-9266f"}
[debug] [2025-08-30T11:43:36.906Z] Checked if tokens are valid: true, expires at: 1756557762746
[debug] [2025-08-30T11:43:36.906Z] Checked if tokens are valid: true, expires at: 1756557762746
[debug] [2025-08-30T11:43:36.907Z] >>> [apiv2][query] POST https://firebase.googleapis.com/v1/projects:checkProjectId [none]
[debug] [2025-08-30T11:43:36.907Z] >>> [apiv2][body] POST https://firebase.googleapis.com/v1/projects:checkProjectId {"proposedId":"Paradise143"}
[debug] [2025-08-30T11:43:37.481Z] <<< [apiv2][status] POST https://firebase.googleapis.com/v1/projects:checkProjectId 200
[debug] [2025-08-30T11:43:37.481Z] <<< [apiv2][body] POST https://firebase.googleapis.com/v1/projects:checkProjectId {"projectIdStatus":"PROJECT_ID_NOT_VALID","suggestedProjectId":"paradise143-285f6"}
[debug] [2025-08-30T11:43:46.096Z] Checked if tokens are valid: true, expires at: 1756557762746
[debug] [2025-08-30T11:43:46.096Z] Checked if tokens are valid: true, expires at: 1756557762746
[debug] [2025-08-30T11:43:46.096Z] >>> [apiv2][query] POST https://firebase.googleapis.com/v1/projects:checkProjectId [none]
[debug] [2025-08-30T11:43:46.096Z] >>> [apiv2][body] POST https://firebase.googleapis.com/v1/projects:checkProjectId {"proposedId":"Paradisevattavada"}
[debug] [2025-08-30T11:43:46.691Z] <<< [apiv2][status] POST https://firebase.googleapis.com/v1/projects:checkProjectId 200
[debug] [2025-08-30T11:43:46.692Z] <<< [apiv2][body] POST https://firebase.googleapis.com/v1/projects:checkProjectId {"projectIdStatus":"PROJECT_ID_NOT_VALID","suggestedProjectId":"paradisevattavada-50d71"}
[debug] [2025-08-30T11:43:53.569Z] Checked if tokens are valid: true, expires at: 1756557762746
[debug] [2025-08-30T11:43:53.569Z] Checked if tokens are valid: true, expires at: 1756557762746
[debug] [2025-08-30T11:43:53.570Z] >>> [apiv2][query] POST https://firebase.googleapis.com/v1/projects:checkProjectId [none]
[debug] [2025-08-30T11:43:53.570Z] >>> [apiv2][body] POST https://firebase.googleapis.com/v1/projects:checkProjectId {"proposedId":"Paradisevattavada143"}
[debug] [2025-08-30T11:43:54.283Z] <<< [apiv2][status] POST https://firebase.googleapis.com/v1/projects:checkProjectId 200
[debug] [2025-08-30T11:43:54.283Z] <<< [apiv2][body] POST https://firebase.googleapis.com/v1/projects:checkProjectId {"projectIdStatus":"PROJECT_ID_NOT_VALID","suggestedProjectId":"paradisevattavada143"}
[debug] [2025-08-30T11:44:08.664Z] Checked if tokens are valid: true, expires at: 1756557762746
[debug] [2025-08-30T11:44:08.664Z] Checked if tokens are valid: true, expires at: 1756557762746
[debug] [2025-08-30T11:44:08.665Z] >>> [apiv2][query] POST https://firebase.googleapis.com/v1/projects:checkProjectId [none]
[debug] [2025-08-30T11:44:08.665Z] >>> [apiv2][body] POST https://firebase.googleapis.com/v1/projects:checkProjectId {"proposedId":"Paradisevattavada143."}
[debug] [2025-08-30T11:44:09.108Z] <<< [apiv2][status] POST https://firebase.googleapis.com/v1/projects:checkProjectId 400
[debug] [2025-08-30T11:44:09.108Z] <<< [apiv2][body] POST https://firebase.googleapis.com/v1/projects:checkProjectId {"error":{"code":400,"message":"Request contains an invalid argument.","status":"INVALID_ARGUMENT"}}
[debug] [2025-08-30T11:44:09.108Z] Couldn't check if project ID Paradisevattavada143. is available. Original error: FirebaseError: Failed to check if project ID is available. See firebase-debug.log for more info.
[debug] [2025-08-30T11:44:33.173Z] Checked if tokens are valid: true, expires at: 1756557762746
[debug] [2025-08-30T11:44:33.173Z] Checked if tokens are valid: true, expires at: 1756557762746
[debug] [2025-08-30T11:44:33.174Z] >>> [apiv2][query] POST https://cloudresourcemanager.googleapis.com/v1/projects [none]
[debug] [2025-08-30T11:44:33.174Z] >>> [apiv2][body] POST https://cloudresourcemanager.googleapis.com/v1/projects {"projectId":"Paradisevattavada143.","name":"paradise"}
[debug] [2025-08-30T11:44:35.102Z] <<< [apiv2][status] POST https://cloudresourcemanager.googleapis.com/v1/projects 400
[debug] [2025-08-30T11:44:35.102Z] <<< [apiv2][body] POST https://cloudresourcemanager.googleapis.com/v1/projects {"error":{"code":400,"message":"field [project_id] has issue [project_id contains invalid characters]","status":"INVALID_ARGUMENT","details":[{"@type":"type.googleapis.com/google.rpc.BadRequest","fieldViolations":[{"field":"project_id","description":"project_id contains invalid characters"}]},{"@type":"type.googleapis.com/google.rpc.Help","links":[{"url":"https://cloud.google.com/resource-manager/reference/rest/v1/projects"}]}]}}
[debug] [2025-08-30T11:44:35.215Z] FirebaseError: Request to https://cloudresourcemanager.googleapis.com/v1/projects had HTTP Error: 400, field [project_id] has issue [project_id contains invalid characters]
    at responseToError (C:\Users\Robin\AppData\Roaming\npm\node_modules\firebase-tools\lib\responseToError.js:52:12)
    at RetryOperation._fn (C:\Users\Robin\AppData\Roaming\npm\node_modules\firebase-tools\lib\apiv2.js:312:77)
    at process.processTicksAndRejections (node:internal/process/task_queues:105:5)
[error] 
[error] Error: Failed to create project. See firebase-debug.log for more info.
